// Jest Snapshot v1, https://goo.gl/fbAQLP

exports[`should test the 'orientationVariants' plugin 1`] = `
"
@media (orientation: portrait) {
  .portrait\\:flex {
    display: flex;
  }
}

@media (orientation: landscape) {
  .landscape\\:flex {
    display: flex;
  }
}
"
`;
