// Jest Snapshot v1, https://goo.gl/fbAQLP

exports[`should test the 'boxSizing' plugin 1`] = `
"
.box-border {
  box-sizing: border-box;
}

.box-content {
  box-sizing: content-box;
}
"
`;
