// Jest Snapshot v1, https://goo.gl/fbAQLP

exports[`should test the 'float' plugin 1`] = `
"
.float-right {
  float: right;
}

.float-left {
  float: left;
}

.float-none {
  float: none;
}
"
`;
