// Jest Snapshot v1, https://goo.gl/fbAQLP

exports[`should test the 'listStylePosition' plugin 1`] = `
"
.list-inside {
  list-style-position: inside;
}

.list-outside {
  list-style-position: outside;
}
"
`;
