// Jest Snapshot v1, https://goo.gl/fbAQLP

exports[`should test the 'tableLayout' plugin 1`] = `
"
.table-auto {
  table-layout: auto;
}

.table-fixed {
  table-layout: fixed;
}
"
`;
