// Jest Snapshot v1, https://goo.gl/fbAQLP

exports[`should test the 'textOverflow' plugin 1`] = `
"
.truncate {
  text-overflow: ellipsis;
  white-space: nowrap;
  overflow: hidden;
}

.overflow-ellipsis, .text-ellipsis {
  text-overflow: ellipsis;
}

.text-clip {
  text-overflow: clip;
}
"
`;
