// Jest Snapshot v1, https://goo.gl/fbAQLP

exports[`should test the 'visibility' plugin 1`] = `
"
.visible {
  visibility: visible;
}

.invisible {
  visibility: hidden;
}

.collapse {
  visibility: collapse;
}
"
`;
