// Jest Snapshot v1, https://goo.gl/fbAQLP

exports[`should test the 'wordBreak' plugin 1`] = `
"
.break-normal {
  overflow-wrap: normal;
  word-break: normal;
}

.break-words {
  overflow-wrap: break-word;
}

.break-all {
  word-break: break-all;
}

.break-keep {
  word-break: keep-all;
}
"
`;
